2026-04-22 00:00:13,298 - INFO - ==================================================
2026-04-22 00:00:13,298 - INFO - 上市公司新闻监控系统 - 数据抓取开始
2026-04-22 00:00:13,298 - INFO - 执行时间: 2026-04-22 00:00:13
2026-04-22 00:00:13,298 - INFO - ==================================================
2026-04-22 00:00:13,298 - INFO - 步骤1: 数据源验证
2026-04-22 00:00:13,298 - INFO - 开始验证数据源...
2026-04-22 00:00:13,397 - INFO -   ✓ 新浪财经: 0.1s (HTTP 200)
2026-04-22 00:00:13,994 - INFO -   ✓ 东方财富网: 0.1s (HTTP 200)
2026-04-22 00:00:14,670 - INFO -   ✓ 证券时报网: 0.18s (HTTP 200)
2026-04-22 00:00:15,268 - INFO -   ✓ 巨潮资讯网: 0.1s (HTTP 200)
2026-04-22 00:00:15,901 - INFO -   ✓ 上海证券交易所: 0.13s (HTTP 200)
2026-04-22 00:00:16,441 - INFO -   ✓ 深圳证券交易所: 0.04s (HTTP 200)
2026-04-22 00:00:16,942 - INFO - 数据源验证完成: 6/6 个数据源可用
2026-04-22 00:00:16,944 - INFO - 数据源验证报告已保存: /home/tfan/projects/nextjs-tfan/scripts/../data/source_validation_20260422.json
2026-04-22 00:00:16,944 - INFO - 
2026-04-22 00:00:16,944 - INFO - 步骤2: 数据抓取
2026-04-22 00:00:16,944 - INFO - 开始抓取上市公司新闻...
2026-04-22 00:00:16,944 - INFO - 搜索新浪财经: 腾讯控股 最新消息
2026-04-22 00:00:16,944 - INFO -   ✓ 腾讯控股: 找到1条新闻
2026-04-22 00:00:17,445 - INFO - 搜索新浪财经: 阿里巴巴 最新消息
2026-04-22 00:00:17,445 - INFO -   ✓ 阿里巴巴: 找到1条新闻
2026-04-22 00:00:17,946 - INFO - 搜索新浪财经: 美团点评 最新消息
2026-04-22 00:00:17,946 - INFO -   ○ 美团点评: 未找到新闻
2026-04-22 00:00:18,447 - INFO - 搜索新浪财经: 京东集团 最新消息
2026-04-22 00:00:18,447 - INFO -   ○ 京东集团: 未找到新闻
2026-04-22 00:00:18,948 - INFO - 搜索新浪财经: 小米集团 最新消息
2026-04-22 00:00:18,948 - INFO -   ○ 小米集团: 未找到新闻
2026-04-22 00:00:19,449 - INFO - 生成关键词分析报告: ['人工智能发展趋势', '云计算市场分析', '电商行业竞争']
2026-04-22 00:00:19,450 - INFO -   ✓ 关键词分析: 生成1份报告
2026-04-22 00:00:19,450 - INFO - 抓取完成，共获取3条新闻
2026-04-22 00:00:19,451 - INFO - 数据已保存到: /home/tfan/projects/nextjs-tfan/scripts/../data/news_20260422.json
2026-04-22 00:00:19,452 - INFO - 最新数据副本: /home/tfan/projects/nextjs-tfan/scripts/../data/news_latest.json
2026-04-22 00:00:19,454 - INFO - 前端配置文件已更新
2026-04-22 00:00:19,454 - INFO - ==================================================
2026-04-22 00:00:19,454 - INFO - 数据抓取完成 ✓
2026-04-22 00:00:19,454 - INFO - ==================================================
✅ 数据抓取成功完成！
