2026-04-24 00:00:20,482 - INFO - 从配置文件读取到 10 家公司: 中国平安, 美的集团, 腾讯控股...
2026-04-24 00:00:20,483 - INFO - ==================================================
2026-04-24 00:00:20,483 - INFO - 上市公司新闻监控系统 - 数据抓取开始
2026-04-24 00:00:20,483 - INFO - 执行时间: 2026-04-24 00:00:20
2026-04-24 00:00:20,483 - INFO - ==================================================
2026-04-24 00:00:20,483 - INFO - 步骤1: 数据源验证
2026-04-24 00:00:20,483 - INFO - 开始验证数据源...
2026-04-24 00:00:20,594 - INFO -   ✓ 新浪财经: 0.11s (HTTP 200)
2026-04-24 00:00:21,220 - INFO -   ✓ 东方财富网: 0.13s (HTTP 200)
2026-04-24 00:00:21,864 - INFO -   ✓ 证券时报网: 0.14s (HTTP 200)
2026-04-24 00:00:22,447 - INFO -   ✓ 巨潮资讯网: 0.08s (HTTP 200)
2026-04-24 00:00:23,057 - INFO -   ✓ 上海证券交易所: 0.11s (HTTP 200)
2026-04-24 00:00:23,635 - INFO -   ✓ 深圳证券交易所: 0.08s (HTTP 200)
2026-04-24 00:00:24,135 - INFO - 数据源验证完成: 6/6 个数据源可用
2026-04-24 00:00:24,143 - INFO - 数据源验证报告已保存: /home/tfan/projects/nextjs-tfan/scripts/../data/source_validation_20260424.json
2026-04-24 00:00:24,143 - INFO - 
2026-04-24 00:00:24,144 - INFO - 步骤2: 数据抓取
2026-04-24 00:00:24,144 - INFO - 开始抓取上市公司新闻...
2026-04-24 00:00:24,144 - INFO - 搜索新浪财经: 中国平安 最新消息
2026-04-24 00:00:24,144 - INFO -   ○ 中国平安: 未找到新闻
2026-04-24 00:00:24,645 - INFO - 搜索新浪财经: 美的集团 最新消息
2026-04-24 00:00:24,646 - INFO -   ○ 美的集团: 未找到新闻
2026-04-24 00:00:25,147 - INFO - 搜索新浪财经: 腾讯控股 最新消息
2026-04-24 00:00:25,147 - INFO -   ✓ 腾讯控股: 找到1条新闻
2026-04-24 00:00:25,648 - INFO - 搜索新浪财经: 阿里巴巴 最新消息
2026-04-24 00:00:25,648 - INFO -   ✓ 阿里巴巴: 找到1条新闻
2026-04-24 00:00:26,149 - INFO - 搜索新浪财经: 招商银行 最新消息
2026-04-24 00:00:26,150 - INFO -   ○ 招商银行: 未找到新闻
2026-04-24 00:00:26,650 - INFO - 生成关键词分析报告: ['人工智能发展趋势', '云计算市场分析', '电商行业竞争']
2026-04-24 00:00:26,651 - INFO -   ✓ 关键词分析: 生成1份报告
2026-04-24 00:00:26,651 - INFO - 抓取完成，共获取3条新闻
2026-04-24 00:00:26,652 - INFO - 数据已保存到: /home/tfan/projects/nextjs-tfan/scripts/../data/news_20260424.json
2026-04-24 00:00:26,653 - INFO - 最新数据副本: /home/tfan/projects/nextjs-tfan/scripts/../data/news_latest.json
2026-04-24 00:00:26,655 - INFO - 前端配置文件已更新
2026-04-24 00:00:26,655 - INFO - ==================================================
2026-04-24 00:00:26,656 - INFO - 数据抓取完成 ✓
2026-04-24 00:00:26,656 - INFO - ==================================================
✅ 数据抓取成功完成！
