2026-04-27 08:00:08,859 - INFO - 从配置文件读取到 11 家公司: 贵州茅台, 比亚迪, 宁德时代...
2026-04-27 08:00:08,859 - INFO - ==================================================
2026-04-27 08:00:08,859 - INFO - 上市公司新闻监控系统 - 数据抓取开始
2026-04-27 08:00:08,859 - INFO - 执行时间: 2026-04-27 08:00:08
2026-04-27 08:00:08,859 - INFO - ==================================================
2026-04-27 08:00:08,859 - INFO - 步骤1: 数据源验证
2026-04-27 08:00:08,859 - INFO - 开始验证数据源...
2026-04-27 08:00:08,936 - INFO -   ✓ 新浪财经: 0.08s (HTTP 200)
2026-04-27 08:00:09,565 - INFO -   ✓ 东方财富网: 0.13s (HTTP 200)
2026-04-27 08:00:10,210 - INFO -   ✓ 证券时报网: 0.14s (HTTP 200)
2026-04-27 08:00:10,801 - INFO -   ✓ 巨潮资讯网: 0.09s (HTTP 200)
2026-04-27 08:00:11,430 - INFO -   ✓ 上海证券交易所: 0.13s (HTTP 200)
2026-04-27 08:00:11,970 - INFO -   ✓ 深圳证券交易所: 0.04s (HTTP 200)
2026-04-27 08:00:12,470 - INFO - 数据源验证完成: 6/6 个数据源可用
2026-04-27 08:00:12,471 - INFO - 数据源验证报告已保存: /home/tfan/projects/nextjs-tfan/scripts/../data/source_validation_20260427.json
2026-04-27 08:00:12,471 - INFO - 
2026-04-27 08:00:12,471 - INFO - 步骤2: 数据抓取
2026-04-27 08:00:12,472 - INFO - 开始抓取上市公司新闻...
2026-04-27 08:00:12,472 - INFO - 搜索新浪财经: 贵州茅台 最新消息
2026-04-27 08:00:12,472 - INFO -   ○ 贵州茅台: 未找到新闻
2026-04-27 08:00:12,972 - INFO - 搜索新浪财经: 比亚迪 最新消息
2026-04-27 08:00:12,972 - INFO -   ○ 比亚迪: 未找到新闻
2026-04-27 08:00:13,473 - INFO - 搜索新浪财经: 宁德时代 最新消息
2026-04-27 08:00:13,473 - INFO -   ○ 宁德时代: 未找到新闻
2026-04-27 08:00:13,974 - INFO - 搜索新浪财经: 腾讯控股 最新消息
2026-04-27 08:00:13,974 - INFO -   ✓ 腾讯控股: 找到1条新闻
2026-04-27 08:00:14,475 - INFO - 搜索新浪财经: 阿里巴巴 最新消息
2026-04-27 08:00:14,475 - INFO -   ✓ 阿里巴巴: 找到1条新闻
2026-04-27 08:00:14,976 - INFO - 生成关键词分析报告: ['人工智能发展趋势', '云计算市场分析', '电商行业竞争']
2026-04-27 08:00:14,977 - INFO -   ✓ 关键词分析: 生成1份报告
2026-04-27 08:00:14,977 - INFO - 抓取完成，共获取3条新闻
2026-04-27 08:00:14,978 - INFO - 数据已保存到: /home/tfan/projects/nextjs-tfan/scripts/../data/news_20260427.json
2026-04-27 08:00:14,979 - INFO - 最新数据副本: /home/tfan/projects/nextjs-tfan/scripts/../data/news_latest.json
2026-04-27 08:00:14,980 - INFO - 前端配置文件已更新
2026-04-27 08:00:14,980 - INFO - ==================================================
2026-04-27 08:00:14,980 - INFO - 数据抓取完成 ✓
2026-04-27 08:00:14,980 - INFO - ==================================================
✅ 数据抓取成功完成！
