2026-04-20 00:00:24,823 - INFO - ==================================================
2026-04-20 00:00:24,823 - INFO - 上市公司新闻监控系统 - 数据抓取开始
2026-04-20 00:00:24,823 - INFO - 执行时间: 2026-04-20 00:00:24
2026-04-20 00:00:24,823 - INFO - ==================================================
2026-04-20 00:00:24,823 - INFO - 开始抓取上市公司新闻...
2026-04-20 00:00:24,823 - INFO - 搜索新浪财经: 腾讯控股 最新消息
2026-04-20 00:00:24,823 - INFO -   ✓ 腾讯控股: 找到1条新闻
2026-04-20 00:00:25,323 - INFO - 搜索新浪财经: 阿里巴巴 最新消息
2026-04-20 00:00:25,324 - INFO -   ✓ 阿里巴巴: 找到1条新闻
2026-04-20 00:00:25,824 - INFO - 搜索新浪财经: 美团点评 最新消息
2026-04-20 00:00:25,825 - INFO -   ○ 美团点评: 未找到新闻
2026-04-20 00:00:26,325 - INFO - 搜索新浪财经: 京东集团 最新消息
2026-04-20 00:00:26,326 - INFO -   ○ 京东集团: 未找到新闻
2026-04-20 00:00:26,826 - INFO - 搜索新浪财经: 小米集团 最新消息
2026-04-20 00:00:26,827 - INFO -   ○ 小米集团: 未找到新闻
2026-04-20 00:00:27,327 - INFO - 生成关键词分析报告: ['人工智能发展趋势', '云计算市场分析', '电商行业竞争']
2026-04-20 00:00:27,328 - INFO -   ✓ 关键词分析: 生成1份报告
2026-04-20 00:00:27,328 - INFO - 抓取完成，共获取3条新闻
2026-04-20 00:00:27,330 - INFO - 数据已保存到: /home/tfan/projects/nextjs-tfan/scripts/../data/news_20260420.json
2026-04-20 00:00:27,331 - INFO - 最新数据副本: /home/tfan/projects/nextjs-tfan/scripts/../data/news_latest.json
2026-04-20 00:00:27,332 - INFO - 前端配置文件已更新
2026-04-20 00:00:27,333 - INFO - ==================================================
2026-04-20 00:00:27,333 - INFO - 数据抓取完成 ✓
2026-04-20 00:00:27,333 - INFO - ==================================================
✅ 数据抓取成功完成！
