2026-04-21 00:00:17,401 - INFO - ==================================================
2026-04-21 00:00:17,401 - INFO - 上市公司新闻监控系统 - 数据抓取开始
2026-04-21 00:00:17,401 - INFO - 执行时间: 2026-04-21 00:00:17
2026-04-21 00:00:17,401 - INFO - ==================================================
2026-04-21 00:00:17,401 - INFO - 步骤1: 数据源验证
2026-04-21 00:00:17,401 - INFO - 开始验证数据源...
2026-04-21 00:00:17,510 - INFO -   ✓ 新浪财经: 0.11s (HTTP 200)
2026-04-21 00:00:18,113 - INFO -   ✓ 东方财富网: 0.1s (HTTP 200)
2026-04-21 00:00:18,791 - INFO -   ✓ 证券时报网: 0.18s (HTTP 200)
2026-04-21 00:00:19,386 - INFO -   ✓ 巨潮资讯网: 0.09s (HTTP 200)
2026-04-21 00:00:19,995 - INFO -   ✓ 上海证券交易所: 0.11s (HTTP 200)
2026-04-21 00:00:20,548 - INFO -   ✓ 深圳证券交易所: 0.05s (HTTP 200)
2026-04-21 00:00:21,049 - INFO - 数据源验证完成: 6/6 个数据源可用
2026-04-21 00:00:21,051 - INFO - 数据源验证报告已保存: /home/tfan/projects/nextjs-tfan/scripts/../data/source_validation_20260421.json
2026-04-21 00:00:21,051 - INFO - 
2026-04-21 00:00:21,052 - INFO - 步骤2: 数据抓取
2026-04-21 00:00:21,052 - INFO - 开始抓取上市公司新闻...
2026-04-21 00:00:21,052 - INFO - 搜索新浪财经: 腾讯控股 最新消息
2026-04-21 00:00:21,053 - INFO -   ✓ 腾讯控股: 找到1条新闻
2026-04-21 00:00:21,553 - INFO - 搜索新浪财经: 阿里巴巴 最新消息
2026-04-21 00:00:21,554 - INFO -   ✓ 阿里巴巴: 找到1条新闻
2026-04-21 00:00:22,054 - INFO - 搜索新浪财经: 美团点评 最新消息
2026-04-21 00:00:22,055 - INFO -   ○ 美团点评: 未找到新闻
2026-04-21 00:00:22,555 - INFO - 搜索新浪财经: 京东集团 最新消息
2026-04-21 00:00:22,556 - INFO -   ○ 京东集团: 未找到新闻
2026-04-21 00:00:23,056 - INFO - 搜索新浪财经: 小米集团 最新消息
2026-04-21 00:00:23,057 - INFO -   ○ 小米集团: 未找到新闻
2026-04-21 00:00:23,558 - INFO - 生成关键词分析报告: ['人工智能发展趋势', '云计算市场分析', '电商行业竞争']
2026-04-21 00:00:23,558 - INFO -   ✓ 关键词分析: 生成1份报告
2026-04-21 00:00:23,559 - INFO - 抓取完成，共获取3条新闻
2026-04-21 00:00:23,560 - INFO - 数据已保存到: /home/tfan/projects/nextjs-tfan/scripts/../data/news_20260421.json
2026-04-21 00:00:23,562 - INFO - 最新数据副本: /home/tfan/projects/nextjs-tfan/scripts/../data/news_latest.json
2026-04-21 00:00:23,580 - INFO - 前端配置文件已更新
2026-04-21 00:00:23,580 - INFO - ==================================================
2026-04-21 00:00:23,581 - INFO - 数据抓取完成 ✓
2026-04-21 00:00:23,581 - INFO - ==================================================
✅ 数据抓取成功完成！
