2026-04-25 08:00:04,131 - INFO - 从配置文件读取到 10 家公司: 中国平安, 美的集团, 腾讯控股...
2026-04-25 08:00:04,131 - INFO - ==================================================
2026-04-25 08:00:04,131 - INFO - 上市公司新闻监控系统 - 数据抓取开始
2026-04-25 08:00:04,131 - INFO - 执行时间: 2026-04-25 08:00:04
2026-04-25 08:00:04,131 - INFO - ==================================================
2026-04-25 08:00:04,131 - INFO - 步骤1: 数据源验证
2026-04-25 08:00:04,131 - INFO - 开始验证数据源...
2026-04-25 08:00:04,220 - INFO -   ✓ 新浪财经: 0.09s (HTTP 200)
2026-04-25 08:00:04,854 - INFO -   ✓ 东方财富网: 0.13s (HTTP 200)
2026-04-25 08:00:05,529 - INFO -   ✓ 证券时报网: 0.17s (HTTP 200)
2026-04-25 08:00:06,292 - INFO -   ✓ 巨潮资讯网: 0.26s (HTTP 200)
2026-04-25 08:00:06,911 - INFO -   ✓ 上海证券交易所: 0.12s (HTTP 200)
2026-04-25 08:00:07,452 - INFO -   ✓ 深圳证券交易所: 0.04s (HTTP 200)
2026-04-25 08:00:07,953 - INFO - 数据源验证完成: 6/6 个数据源可用
2026-04-25 08:00:07,955 - INFO - 数据源验证报告已保存: /home/tfan/projects/nextjs-tfan/scripts/../data/source_validation_20260425.json
2026-04-25 08:00:07,955 - INFO - 
2026-04-25 08:00:07,955 - INFO - 步骤2: 数据抓取
2026-04-25 08:00:07,955 - INFO - 开始抓取上市公司新闻...
2026-04-25 08:00:07,955 - INFO - 搜索新浪财经: 中国平安 最新消息
2026-04-25 08:00:07,955 - INFO -   ○ 中国平安: 未找到新闻
2026-04-25 08:00:08,456 - INFO - 搜索新浪财经: 美的集团 最新消息
2026-04-25 08:00:08,456 - INFO -   ○ 美的集团: 未找到新闻
2026-04-25 08:00:08,957 - INFO - 搜索新浪财经: 腾讯控股 最新消息
2026-04-25 08:00:08,958 - INFO -   ✓ 腾讯控股: 找到1条新闻
2026-04-25 08:00:09,458 - INFO - 搜索新浪财经: 阿里巴巴 最新消息
2026-04-25 08:00:09,459 - INFO -   ✓ 阿里巴巴: 找到1条新闻
2026-04-25 08:00:09,959 - INFO - 搜索新浪财经: 招商银行 最新消息
2026-04-25 08:00:09,960 - INFO -   ○ 招商银行: 未找到新闻
2026-04-25 08:00:10,460 - INFO - 生成关键词分析报告: ['人工智能发展趋势', '云计算市场分析', '电商行业竞争']
2026-04-25 08:00:10,461 - INFO -   ✓ 关键词分析: 生成1份报告
2026-04-25 08:00:10,461 - INFO - 抓取完成，共获取3条新闻
2026-04-25 08:00:10,462 - INFO - 数据已保存到: /home/tfan/projects/nextjs-tfan/scripts/../data/news_20260425.json
2026-04-25 08:00:10,463 - INFO - 最新数据副本: /home/tfan/projects/nextjs-tfan/scripts/../data/news_latest.json
2026-04-25 08:00:10,464 - INFO - 前端配置文件已更新
2026-04-25 08:00:10,464 - INFO - ==================================================
2026-04-25 08:00:10,464 - INFO - 数据抓取完成 ✓
2026-04-25 08:00:10,465 - INFO - ==================================================
✅ 数据抓取成功完成！
