2026-04-22 08:00:03,296 - INFO - ==================================================
2026-04-22 08:00:03,297 - INFO - 上市公司新闻监控系统 - 数据抓取开始
2026-04-22 08:00:03,297 - INFO - 执行时间: 2026-04-22 08:00:03
2026-04-22 08:00:03,297 - INFO - ==================================================
2026-04-22 08:00:03,297 - INFO - 步骤1: 数据源验证
2026-04-22 08:00:03,297 - INFO - 开始验证数据源...
2026-04-22 08:00:03,520 - INFO -   ✓ 新浪财经: 0.22s (HTTP 200)
2026-04-22 08:00:04,187 - INFO -   ✓ 东方财富网: 0.17s (HTTP 200)
2026-04-22 08:00:04,815 - INFO -   ✓ 证券时报网: 0.13s (HTTP 200)
2026-04-22 08:00:05,475 - INFO -   ✓ 巨潮资讯网: 0.16s (HTTP 200)
2026-04-22 08:00:06,176 - INFO -   ✓ 上海证券交易所: 0.2s (HTTP 200)
2026-04-22 08:00:06,718 - INFO -   ✓ 深圳证券交易所: 0.04s (HTTP 200)
2026-04-22 08:00:07,218 - INFO - 数据源验证完成: 6/6 个数据源可用
2026-04-22 08:00:07,219 - INFO - 数据源验证报告已保存: /home/tfan/projects/nextjs-tfan/scripts/../data/source_validation_20260422.json
2026-04-22 08:00:07,219 - INFO - 
2026-04-22 08:00:07,219 - INFO - 步骤2: 数据抓取
2026-04-22 08:00:07,219 - INFO - 开始抓取上市公司新闻...
2026-04-22 08:00:07,219 - INFO - 搜索新浪财经: 腾讯控股 最新消息
2026-04-22 08:00:07,219 - INFO -   ✓ 腾讯控股: 找到1条新闻
2026-04-22 08:00:07,720 - INFO - 搜索新浪财经: 阿里巴巴 最新消息
2026-04-22 08:00:07,720 - INFO -   ✓ 阿里巴巴: 找到1条新闻
2026-04-22 08:00:08,221 - INFO - 搜索新浪财经: 美团点评 最新消息
2026-04-22 08:00:08,221 - INFO -   ○ 美团点评: 未找到新闻
2026-04-22 08:00:08,722 - INFO - 搜索新浪财经: 京东集团 最新消息
2026-04-22 08:00:08,722 - INFO -   ○ 京东集团: 未找到新闻
2026-04-22 08:00:09,223 - INFO - 搜索新浪财经: 小米集团 最新消息
2026-04-22 08:00:09,223 - INFO -   ○ 小米集团: 未找到新闻
2026-04-22 08:00:09,724 - INFO - 生成关键词分析报告: ['人工智能发展趋势', '云计算市场分析', '电商行业竞争']
2026-04-22 08:00:09,724 - INFO -   ✓ 关键词分析: 生成1份报告
2026-04-22 08:00:09,724 - INFO - 抓取完成，共获取3条新闻
2026-04-22 08:00:09,726 - INFO - 数据已保存到: /home/tfan/projects/nextjs-tfan/scripts/../data/news_20260422.json
2026-04-22 08:00:09,727 - INFO - 最新数据副本: /home/tfan/projects/nextjs-tfan/scripts/../data/news_latest.json
2026-04-22 08:00:09,728 - INFO - 前端配置文件已更新
2026-04-22 08:00:09,728 - INFO - ==================================================
2026-04-22 08:00:09,728 - INFO - 数据抓取完成 ✓
2026-04-22 08:00:09,728 - INFO - ==================================================
✅ 数据抓取成功完成！
