2026-04-21 08:00:03,380 - INFO - ==================================================
2026-04-21 08:00:03,380 - INFO - 上市公司新闻监控系统 - 数据抓取开始
2026-04-21 08:00:03,380 - INFO - 执行时间: 2026-04-21 08:00:03
2026-04-21 08:00:03,380 - INFO - ==================================================
2026-04-21 08:00:03,380 - INFO - 步骤1: 数据源验证
2026-04-21 08:00:03,380 - INFO - 开始验证数据源...
2026-04-21 08:00:03,672 - INFO -   ✓ 新浪财经: 0.29s (HTTP 200)
2026-04-21 08:00:04,329 - INFO -   ✓ 东方财富网: 0.16s (HTTP 200)
2026-04-21 08:00:05,016 - INFO -   ✓ 证券时报网: 0.19s (HTTP 200)
2026-04-21 08:00:05,633 - INFO -   ✓ 巨潮资讯网: 0.12s (HTTP 200)
2026-04-21 08:00:06,325 - INFO -   ✓ 上海证券交易所: 0.19s (HTTP 200)
2026-04-21 08:00:06,872 - INFO -   ✓ 深圳证券交易所: 0.05s (HTTP 200)
2026-04-21 08:00:07,373 - INFO - 数据源验证完成: 6/6 个数据源可用
2026-04-21 08:00:07,375 - INFO - 数据源验证报告已保存: /home/tfan/projects/nextjs-tfan/scripts/../data/source_validation_20260421.json
2026-04-21 08:00:07,375 - INFO - 
2026-04-21 08:00:07,375 - INFO - 步骤2: 数据抓取
2026-04-21 08:00:07,375 - INFO - 开始抓取上市公司新闻...
2026-04-21 08:00:07,375 - INFO - 搜索新浪财经: 腾讯控股 最新消息
2026-04-21 08:00:07,376 - INFO -   ✓ 腾讯控股: 找到1条新闻
2026-04-21 08:00:07,876 - INFO - 搜索新浪财经: 阿里巴巴 最新消息
2026-04-21 08:00:07,877 - INFO -   ✓ 阿里巴巴: 找到1条新闻
2026-04-21 08:00:08,377 - INFO - 搜索新浪财经: 美团点评 最新消息
2026-04-21 08:00:08,377 - INFO -   ○ 美团点评: 未找到新闻
2026-04-21 08:00:08,878 - INFO - 搜索新浪财经: 京东集团 最新消息
2026-04-21 08:00:08,878 - INFO -   ○ 京东集团: 未找到新闻
2026-04-21 08:00:09,379 - INFO - 搜索新浪财经: 小米集团 最新消息
2026-04-21 08:00:09,379 - INFO -   ○ 小米集团: 未找到新闻
2026-04-21 08:00:09,880 - INFO - 生成关键词分析报告: ['人工智能发展趋势', '云计算市场分析', '电商行业竞争']
2026-04-21 08:00:09,880 - INFO -   ✓ 关键词分析: 生成1份报告
2026-04-21 08:00:09,881 - INFO - 抓取完成，共获取3条新闻
2026-04-21 08:00:09,882 - INFO - 数据已保存到: /home/tfan/projects/nextjs-tfan/scripts/../data/news_20260421.json
2026-04-21 08:00:09,883 - INFO - 最新数据副本: /home/tfan/projects/nextjs-tfan/scripts/../data/news_latest.json
2026-04-21 08:00:09,884 - INFO - 前端配置文件已更新
2026-04-21 08:00:09,884 - INFO - ==================================================
2026-04-21 08:00:09,885 - INFO - 数据抓取完成 ✓
2026-04-21 08:00:09,885 - INFO - ==================================================
✅ 数据抓取成功完成！
