========================================
上市公司新闻监控系统 - 数据抓取任务
执行时间: 2026-04-17 08:00:01
========================================
✅ Python3 版本: Python 3.12.3
检查Python依赖...
✅ Python依赖已安装
启动数据抓取...
2026-04-17 08:00:03,464 - INFO - ==================================================
2026-04-17 08:00:03,464 - INFO - 上市公司新闻监控系统 - 数据抓取开始
2026-04-17 08:00:03,464 - INFO - 执行时间: 2026-04-17 08:00:03
2026-04-17 08:00:03,464 - INFO - ==================================================
2026-04-17 08:00:03,464 - INFO - 开始抓取上市公司新闻...
2026-04-17 08:00:03,464 - INFO - 搜索新浪财经: 腾讯控股 最新消息
2026-04-17 08:00:03,464 - INFO -   ✓ 腾讯控股: 找到1条新闻
2026-04-17 08:00:03,965 - INFO - 搜索新浪财经: 阿里巴巴 最新消息
2026-04-17 08:00:03,965 - INFO -   ✓ 阿里巴巴: 找到1条新闻
2026-04-17 08:00:04,466 - INFO - 搜索新浪财经: 美团点评 最新消息
2026-04-17 08:00:04,466 - INFO -   ○ 美团点评: 未找到新闻
2026-04-17 08:00:04,967 - INFO - 搜索新浪财经: 京东集团 最新消息
2026-04-17 08:00:04,967 - INFO -   ○ 京东集团: 未找到新闻
2026-04-17 08:00:05,468 - INFO - 搜索新浪财经: 小米集团 最新消息
2026-04-17 08:00:05,468 - INFO -   ○ 小米集团: 未找到新闻
2026-04-17 08:00:05,968 - INFO - 生成关键词分析报告: ['人工智能发展趋势', '云计算市场分析', '电商行业竞争']
2026-04-17 08:00:05,969 - INFO -   ✓ 关键词分析: 生成1份报告
2026-04-17 08:00:05,969 - INFO - 抓取完成，共获取3条新闻
2026-04-17 08:00:05,970 - INFO - 数据已保存到: /home/tfan/projects/nextjs-tfan/scripts/../data/news_20260417.json
2026-04-17 08:00:05,971 - INFO - 最新数据副本: /home/tfan/projects/nextjs-tfan/scripts/../data/news_latest.json
2026-04-17 08:00:05,973 - INFO - 前端配置文件已更新
2026-04-17 08:00:05,973 - INFO - ==================================================
2026-04-17 08:00:05,973 - INFO - 数据抓取完成 ✓
2026-04-17 08:00:05,973 - INFO - ==================================================
✅ 数据抓取成功完成！
✅ 数据抓取成功完成！

📊 执行结果:
   日志文件: /home/tfan/projects/nextjs-tfan/scripts/crawler_20260417_080001.log
   数据文件: /home/tfan/projects/nextjs-tfan/data/news_latest.json
   配置文件: /home/tfan/projects/nextjs-tfan/data/config.json

   最后更新时间: 2026-04-17T08:00:06+00:00
========================================
上市公司新闻监控系统 - 数据抓取任务
执行时间: 2026-04-18 08:00:01
========================================
✅ Python3 版本: Python 3.12.3
检查Python依赖...
✅ Python依赖已安装
启动数据抓取...
2026-04-18 08:00:03,215 - INFO - ==================================================
2026-04-18 08:00:03,215 - INFO - 上市公司新闻监控系统 - 数据抓取开始
2026-04-18 08:00:03,215 - INFO - 执行时间: 2026-04-18 08:00:03
2026-04-18 08:00:03,216 - INFO - ==================================================
2026-04-18 08:00:03,216 - INFO - 开始抓取上市公司新闻...
2026-04-18 08:00:03,216 - INFO - 搜索新浪财经: 腾讯控股 最新消息
2026-04-18 08:00:03,216 - INFO -   ✓ 腾讯控股: 找到1条新闻
2026-04-18 08:00:03,716 - INFO - 搜索新浪财经: 阿里巴巴 最新消息
2026-04-18 08:00:03,717 - INFO -   ✓ 阿里巴巴: 找到1条新闻
2026-04-18 08:00:04,217 - INFO - 搜索新浪财经: 美团点评 最新消息
2026-04-18 08:00:04,218 - INFO -   ○ 美团点评: 未找到新闻
2026-04-18 08:00:04,719 - INFO - 搜索新浪财经: 京东集团 最新消息
2026-04-18 08:00:04,719 - INFO -   ○ 京东集团: 未找到新闻
2026-04-18 08:00:05,219 - INFO - 搜索新浪财经: 小米集团 最新消息
2026-04-18 08:00:05,220 - INFO -   ○ 小米集团: 未找到新闻
2026-04-18 08:00:05,720 - INFO - 生成关键词分析报告: ['人工智能发展趋势', '云计算市场分析', '电商行业竞争']
2026-04-18 08:00:05,721 - INFO -   ✓ 关键词分析: 生成1份报告
2026-04-18 08:00:05,721 - INFO - 抓取完成，共获取3条新闻
2026-04-18 08:00:05,722 - INFO - 数据已保存到: /home/tfan/projects/nextjs-tfan/scripts/../data/news_20260418.json
2026-04-18 08:00:05,724 - INFO - 最新数据副本: /home/tfan/projects/nextjs-tfan/scripts/../data/news_latest.json
2026-04-18 08:00:05,725 - INFO - 前端配置文件已更新
2026-04-18 08:00:05,725 - INFO - ==================================================
2026-04-18 08:00:05,725 - INFO - 数据抓取完成 ✓
2026-04-18 08:00:05,725 - INFO - ==================================================
✅ 数据抓取成功完成！
✅ 数据抓取成功完成！

📊 执行结果:
   日志文件: /home/tfan/projects/nextjs-tfan/scripts/crawler_20260418_080001.log
   数据文件: /home/tfan/projects/nextjs-tfan/data/news_latest.json
   配置文件: /home/tfan/projects/nextjs-tfan/data/config.json

   最后更新时间: 2026-04-18T08:00:05+00:00
========================================
上市公司新闻监控系统 - 数据抓取任务
执行时间: 2026-04-19 08:00:01
========================================
✅ Python3 版本: Python 3.12.3
检查Python依赖...
✅ Python依赖已安装
启动数据抓取...
2026-04-19 08:00:03,297 - INFO - ==================================================
2026-04-19 08:00:03,298 - INFO - 上市公司新闻监控系统 - 数据抓取开始
2026-04-19 08:00:03,298 - INFO - 执行时间: 2026-04-19 08:00:03
2026-04-19 08:00:03,298 - INFO - ==================================================
2026-04-19 08:00:03,298 - INFO - 开始抓取上市公司新闻...
2026-04-19 08:00:03,298 - INFO - 搜索新浪财经: 腾讯控股 最新消息
2026-04-19 08:00:03,298 - INFO -   ✓ 腾讯控股: 找到1条新闻
2026-04-19 08:00:03,798 - INFO - 搜索新浪财经: 阿里巴巴 最新消息
2026-04-19 08:00:03,799 - INFO -   ✓ 阿里巴巴: 找到1条新闻
2026-04-19 08:00:04,299 - INFO - 搜索新浪财经: 美团点评 最新消息
2026-04-19 08:00:04,300 - INFO -   ○ 美团点评: 未找到新闻
2026-04-19 08:00:04,800 - INFO - 搜索新浪财经: 京东集团 最新消息
2026-04-19 08:00:04,801 - INFO -   ○ 京东集团: 未找到新闻
2026-04-19 08:00:05,301 - INFO - 搜索新浪财经: 小米集团 最新消息
2026-04-19 08:00:05,302 - INFO -   ○ 小米集团: 未找到新闻
2026-04-19 08:00:05,802 - INFO - 生成关键词分析报告: ['人工智能发展趋势', '云计算市场分析', '电商行业竞争']
2026-04-19 08:00:05,803 - INFO -   ✓ 关键词分析: 生成1份报告
2026-04-19 08:00:05,803 - INFO - 抓取完成，共获取3条新闻
2026-04-19 08:00:05,804 - INFO - 数据已保存到: /home/tfan/projects/nextjs-tfan/scripts/../data/news_20260419.json
2026-04-19 08:00:05,806 - INFO - 最新数据副本: /home/tfan/projects/nextjs-tfan/scripts/../data/news_latest.json
2026-04-19 08:00:05,807 - INFO - 前端配置文件已更新
2026-04-19 08:00:05,807 - INFO - ==================================================
2026-04-19 08:00:05,807 - INFO - 数据抓取完成 ✓
2026-04-19 08:00:05,807 - INFO - ==================================================
✅ 数据抓取成功完成！
✅ 数据抓取成功完成！

📊 执行结果:
   日志文件: /home/tfan/projects/nextjs-tfan/scripts/crawler_20260419_080001.log
   数据文件: /home/tfan/projects/nextjs-tfan/data/news_latest.json
   配置文件: /home/tfan/projects/nextjs-tfan/data/config.json

   最后更新时间: 2026-04-19T08:00:05+00:00
========================================
上市公司新闻监控系统 - 数据抓取任务
执行时间: 2026-04-20 08:00:01
========================================
✅ Python3 版本: Python 3.12.3
检查Python依赖...
✅ Python依赖已安装
启动数据抓取...
2026-04-20 08:00:04,477 - INFO - ==================================================
2026-04-20 08:00:04,477 - INFO - 上市公司新闻监控系统 - 数据抓取开始
2026-04-20 08:00:04,477 - INFO - 执行时间: 2026-04-20 08:00:04
2026-04-20 08:00:04,477 - INFO - ==================================================
2026-04-20 08:00:04,477 - INFO - 步骤1: 数据源验证
2026-04-20 08:00:04,477 - INFO - 开始验证数据源...
2026-04-20 08:00:04,783 - INFO -   ✓ 新浪财经: 0.31s (HTTP 200)
2026-04-20 08:00:05,493 - INFO -   ✓ 东方财富网: 0.21s (HTTP 200)
2026-04-20 08:00:06,162 - INFO -   ✓ 证券时报网: 0.17s (HTTP 200)
2026-04-20 08:00:06,762 - INFO -   ✓ 巨潮资讯网: 0.1s (HTTP 200)
2026-04-20 08:00:07,367 - INFO -   ✓ 上海证券交易所: 0.1s (HTTP 200)
2026-04-20 08:00:07,915 - INFO -   ✓ 深圳证券交易所: 0.05s (HTTP 200)
2026-04-20 08:00:08,416 - INFO - 数据源验证完成: 6/6 个数据源可用
2026-04-20 08:00:08,418 - INFO - 数据源验证报告已保存: /home/tfan/projects/nextjs-tfan/scripts/../data/source_validation_20260420.json
2026-04-20 08:00:08,418 - INFO - 
2026-04-20 08:00:08,418 - INFO - 步骤2: 数据抓取
2026-04-20 08:00:08,418 - INFO - 开始抓取上市公司新闻...
2026-04-20 08:00:08,419 - INFO - 搜索新浪财经: 腾讯控股 最新消息
2026-04-20 08:00:08,419 - INFO -   ✓ 腾讯控股: 找到1条新闻
2026-04-20 08:00:08,919 - INFO - 搜索新浪财经: 阿里巴巴 最新消息
2026-04-20 08:00:08,920 - INFO -   ✓ 阿里巴巴: 找到1条新闻
2026-04-20 08:00:09,420 - INFO - 搜索新浪财经: 美团点评 最新消息
2026-04-20 08:00:09,421 - INFO -   ○ 美团点评: 未找到新闻
2026-04-20 08:00:09,922 - INFO - 搜索新浪财经: 京东集团 最新消息
2026-04-20 08:00:09,922 - INFO -   ○ 京东集团: 未找到新闻
2026-04-20 08:00:10,423 - INFO - 搜索新浪财经: 小米集团 最新消息
2026-04-20 08:00:10,423 - INFO -   ○ 小米集团: 未找到新闻
2026-04-20 08:00:10,924 - INFO - 生成关键词分析报告: ['人工智能发展趋势', '云计算市场分析', '电商行业竞争']
2026-04-20 08:00:10,924 - INFO -   ✓ 关键词分析: 生成1份报告
2026-04-20 08:00:10,924 - INFO - 抓取完成，共获取3条新闻
2026-04-20 08:00:10,926 - INFO - 数据已保存到: /home/tfan/projects/nextjs-tfan/scripts/../data/news_20260420.json
2026-04-20 08:00:10,927 - INFO - 最新数据副本: /home/tfan/projects/nextjs-tfan/scripts/../data/news_latest.json
2026-04-20 08:00:10,928 - INFO - 前端配置文件已更新
2026-04-20 08:00:10,928 - INFO - ==================================================
2026-04-20 08:00:10,928 - INFO - 数据抓取完成 ✓
2026-04-20 08:00:10,928 - INFO - ==================================================
✅ 数据抓取成功完成！
✅ 数据抓取成功完成！

📊 执行结果:
   日志文件: /home/tfan/projects/nextjs-tfan/scripts/crawler_20260420_080001.log
   数据文件: /home/tfan/projects/nextjs-tfan/data/news_latest.json
   配置文件: /home/tfan/projects/nextjs-tfan/data/config.json

   最后更新时间: 2026-04-20T08:00:10+00:00
========================================
上市公司新闻监控系统 - 数据抓取任务
执行时间: 2026-04-21 08:00:01
========================================
✅ Python3 版本: Python 3.12.3
检查Python依赖...
✅ Python依赖已安装
启动数据抓取...
2026-04-21 08:00:03,380 - INFO - ==================================================
2026-04-21 08:00:03,380 - INFO - 上市公司新闻监控系统 - 数据抓取开始
2026-04-21 08:00:03,380 - INFO - 执行时间: 2026-04-21 08:00:03
2026-04-21 08:00:03,380 - INFO - ==================================================
2026-04-21 08:00:03,380 - INFO - 步骤1: 数据源验证
2026-04-21 08:00:03,380 - INFO - 开始验证数据源...
2026-04-21 08:00:03,672 - INFO -   ✓ 新浪财经: 0.29s (HTTP 200)
2026-04-21 08:00:04,329 - INFO -   ✓ 东方财富网: 0.16s (HTTP 200)
2026-04-21 08:00:05,016 - INFO -   ✓ 证券时报网: 0.19s (HTTP 200)
2026-04-21 08:00:05,633 - INFO -   ✓ 巨潮资讯网: 0.12s (HTTP 200)
2026-04-21 08:00:06,325 - INFO -   ✓ 上海证券交易所: 0.19s (HTTP 200)
2026-04-21 08:00:06,872 - INFO -   ✓ 深圳证券交易所: 0.05s (HTTP 200)
2026-04-21 08:00:07,373 - INFO - 数据源验证完成: 6/6 个数据源可用
2026-04-21 08:00:07,375 - INFO - 数据源验证报告已保存: /home/tfan/projects/nextjs-tfan/scripts/../data/source_validation_20260421.json
2026-04-21 08:00:07,375 - INFO - 
2026-04-21 08:00:07,375 - INFO - 步骤2: 数据抓取
2026-04-21 08:00:07,375 - INFO - 开始抓取上市公司新闻...
2026-04-21 08:00:07,375 - INFO - 搜索新浪财经: 腾讯控股 最新消息
2026-04-21 08:00:07,376 - INFO -   ✓ 腾讯控股: 找到1条新闻
2026-04-21 08:00:07,876 - INFO - 搜索新浪财经: 阿里巴巴 最新消息
2026-04-21 08:00:07,877 - INFO -   ✓ 阿里巴巴: 找到1条新闻
2026-04-21 08:00:08,377 - INFO - 搜索新浪财经: 美团点评 最新消息
2026-04-21 08:00:08,377 - INFO -   ○ 美团点评: 未找到新闻
2026-04-21 08:00:08,878 - INFO - 搜索新浪财经: 京东集团 最新消息
2026-04-21 08:00:08,878 - INFO -   ○ 京东集团: 未找到新闻
2026-04-21 08:00:09,379 - INFO - 搜索新浪财经: 小米集团 最新消息
2026-04-21 08:00:09,379 - INFO -   ○ 小米集团: 未找到新闻
2026-04-21 08:00:09,880 - INFO - 生成关键词分析报告: ['人工智能发展趋势', '云计算市场分析', '电商行业竞争']
2026-04-21 08:00:09,880 - INFO -   ✓ 关键词分析: 生成1份报告
2026-04-21 08:00:09,881 - INFO - 抓取完成，共获取3条新闻
2026-04-21 08:00:09,882 - INFO - 数据已保存到: /home/tfan/projects/nextjs-tfan/scripts/../data/news_20260421.json
2026-04-21 08:00:09,883 - INFO - 最新数据副本: /home/tfan/projects/nextjs-tfan/scripts/../data/news_latest.json
2026-04-21 08:00:09,884 - INFO - 前端配置文件已更新
2026-04-21 08:00:09,884 - INFO - ==================================================
2026-04-21 08:00:09,885 - INFO - 数据抓取完成 ✓
2026-04-21 08:00:09,885 - INFO - ==================================================
✅ 数据抓取成功完成！
✅ 数据抓取成功完成！

📊 执行结果:
   日志文件: /home/tfan/projects/nextjs-tfan/scripts/crawler_20260421_080001.log
   数据文件: /home/tfan/projects/nextjs-tfan/data/news_latest.json
   配置文件: /home/tfan/projects/nextjs-tfan/data/config.json

   最后更新时间: 2026-04-21T08:00:09+00:00
========================================
上市公司新闻监控系统 - 数据抓取任务
执行时间: 2026-04-22 08:00:01
========================================
✅ Python3 版本: Python 3.12.3
检查Python依赖...
✅ Python依赖已安装
启动数据抓取...
2026-04-22 08:00:03,296 - INFO - ==================================================
2026-04-22 08:00:03,297 - INFO - 上市公司新闻监控系统 - 数据抓取开始
2026-04-22 08:00:03,297 - INFO - 执行时间: 2026-04-22 08:00:03
2026-04-22 08:00:03,297 - INFO - ==================================================
2026-04-22 08:00:03,297 - INFO - 步骤1: 数据源验证
2026-04-22 08:00:03,297 - INFO - 开始验证数据源...
2026-04-22 08:00:03,520 - INFO -   ✓ 新浪财经: 0.22s (HTTP 200)
2026-04-22 08:00:04,187 - INFO -   ✓ 东方财富网: 0.17s (HTTP 200)
2026-04-22 08:00:04,815 - INFO -   ✓ 证券时报网: 0.13s (HTTP 200)
2026-04-22 08:00:05,475 - INFO -   ✓ 巨潮资讯网: 0.16s (HTTP 200)
2026-04-22 08:00:06,176 - INFO -   ✓ 上海证券交易所: 0.2s (HTTP 200)
2026-04-22 08:00:06,718 - INFO -   ✓ 深圳证券交易所: 0.04s (HTTP 200)
2026-04-22 08:00:07,218 - INFO - 数据源验证完成: 6/6 个数据源可用
2026-04-22 08:00:07,219 - INFO - 数据源验证报告已保存: /home/tfan/projects/nextjs-tfan/scripts/../data/source_validation_20260422.json
2026-04-22 08:00:07,219 - INFO - 
2026-04-22 08:00:07,219 - INFO - 步骤2: 数据抓取
2026-04-22 08:00:07,219 - INFO - 开始抓取上市公司新闻...
2026-04-22 08:00:07,219 - INFO - 搜索新浪财经: 腾讯控股 最新消息
2026-04-22 08:00:07,219 - INFO -   ✓ 腾讯控股: 找到1条新闻
2026-04-22 08:00:07,720 - INFO - 搜索新浪财经: 阿里巴巴 最新消息
2026-04-22 08:00:07,720 - INFO -   ✓ 阿里巴巴: 找到1条新闻
2026-04-22 08:00:08,221 - INFO - 搜索新浪财经: 美团点评 最新消息
2026-04-22 08:00:08,221 - INFO -   ○ 美团点评: 未找到新闻
2026-04-22 08:00:08,722 - INFO - 搜索新浪财经: 京东集团 最新消息
2026-04-22 08:00:08,722 - INFO -   ○ 京东集团: 未找到新闻
2026-04-22 08:00:09,223 - INFO - 搜索新浪财经: 小米集团 最新消息
2026-04-22 08:00:09,223 - INFO -   ○ 小米集团: 未找到新闻
2026-04-22 08:00:09,724 - INFO - 生成关键词分析报告: ['人工智能发展趋势', '云计算市场分析', '电商行业竞争']
2026-04-22 08:00:09,724 - INFO -   ✓ 关键词分析: 生成1份报告
2026-04-22 08:00:09,724 - INFO - 抓取完成，共获取3条新闻
2026-04-22 08:00:09,726 - INFO - 数据已保存到: /home/tfan/projects/nextjs-tfan/scripts/../data/news_20260422.json
2026-04-22 08:00:09,727 - INFO - 最新数据副本: /home/tfan/projects/nextjs-tfan/scripts/../data/news_latest.json
2026-04-22 08:00:09,728 - INFO - 前端配置文件已更新
2026-04-22 08:00:09,728 - INFO - ==================================================
2026-04-22 08:00:09,728 - INFO - 数据抓取完成 ✓
2026-04-22 08:00:09,728 - INFO - ==================================================
✅ 数据抓取成功完成！
✅ 数据抓取成功完成！

📊 执行结果:
   日志文件: /home/tfan/projects/nextjs-tfan/scripts/crawler_20260422_080001.log
   数据文件: /home/tfan/projects/nextjs-tfan/data/news_latest.json
   配置文件: /home/tfan/projects/nextjs-tfan/data/config.json

   最后更新时间: 2026-04-22T08:00:09+00:00
========================================
上市公司新闻监控系统 - 数据抓取任务
执行时间: 2026-04-23 08:00:01
========================================
✅ Python3 版本: Python 3.12.3
检查Python依赖...
✅ Python依赖已安装
启动数据抓取...
2026-04-23 08:00:05,641 - INFO - 从配置文件读取到 10 家公司: 中国平安, 美的集团, 腾讯控股...
2026-04-23 08:00:05,641 - INFO - ==================================================
2026-04-23 08:00:05,641 - INFO - 上市公司新闻监控系统 - 数据抓取开始
2026-04-23 08:00:05,641 - INFO - 执行时间: 2026-04-23 08:00:05
2026-04-23 08:00:05,642 - INFO - ==================================================
2026-04-23 08:00:05,642 - INFO - 步骤1: 数据源验证
2026-04-23 08:00:05,642 - INFO - 开始验证数据源...
2026-04-23 08:00:05,751 - INFO -   ✓ 新浪财经: 0.11s (HTTP 200)
2026-04-23 08:00:06,410 - INFO -   ✓ 东方财富网: 0.16s (HTTP 200)
2026-04-23 08:00:07,070 - INFO -   ✓ 证券时报网: 0.16s (HTTP 200)
2026-04-23 08:00:07,663 - INFO -   ✓ 巨潮资讯网: 0.09s (HTTP 200)
2026-04-23 08:00:08,330 - INFO -   ✓ 上海证券交易所: 0.17s (HTTP 200)
2026-04-23 08:00:08,874 - INFO -   ✓ 深圳证券交易所: 0.04s (HTTP 200)
2026-04-23 08:00:09,374 - INFO - 数据源验证完成: 6/6 个数据源可用
2026-04-23 08:00:09,377 - INFO - 数据源验证报告已保存: /home/tfan/projects/nextjs-tfan/scripts/../data/source_validation_20260423.json
2026-04-23 08:00:09,377 - INFO - 
2026-04-23 08:00:09,377 - INFO - 步骤2: 数据抓取
2026-04-23 08:00:09,377 - INFO - 开始抓取上市公司新闻...
2026-04-23 08:00:09,377 - INFO - 搜索新浪财经: 中国平安 最新消息
2026-04-23 08:00:09,378 - INFO -   ○ 中国平安: 未找到新闻
2026-04-23 08:00:09,878 - INFO - 搜索新浪财经: 美的集团 最新消息
2026-04-23 08:00:09,878 - INFO -   ○ 美的集团: 未找到新闻
2026-04-23 08:00:10,379 - INFO - 搜索新浪财经: 腾讯控股 最新消息
2026-04-23 08:00:10,380 - INFO -   ✓ 腾讯控股: 找到1条新闻
2026-04-23 08:00:10,880 - INFO - 搜索新浪财经: 阿里巴巴 最新消息
2026-04-23 08:00:10,880 - INFO -   ✓ 阿里巴巴: 找到1条新闻
2026-04-23 08:00:11,381 - INFO - 搜索新浪财经: 招商银行 最新消息
2026-04-23 08:00:11,382 - INFO -   ○ 招商银行: 未找到新闻
2026-04-23 08:00:11,882 - INFO - 生成关键词分析报告: ['人工智能发展趋势', '云计算市场分析', '电商行业竞争']
2026-04-23 08:00:11,883 - INFO -   ✓ 关键词分析: 生成1份报告
2026-04-23 08:00:11,883 - INFO - 抓取完成，共获取3条新闻
2026-04-23 08:00:11,884 - INFO - 数据已保存到: /home/tfan/projects/nextjs-tfan/scripts/../data/news_20260423.json
2026-04-23 08:00:11,885 - INFO - 最新数据副本: /home/tfan/projects/nextjs-tfan/scripts/../data/news_latest.json
2026-04-23 08:00:11,887 - INFO - 前端配置文件已更新
2026-04-23 08:00:11,887 - INFO - ==================================================
2026-04-23 08:00:11,887 - INFO - 数据抓取完成 ✓
2026-04-23 08:00:11,887 - INFO - ==================================================
✅ 数据抓取成功完成！
✅ 数据抓取成功完成！

📊 执行结果:
   日志文件: /home/tfan/projects/nextjs-tfan/scripts/crawler_20260423_080001.log
   数据文件: /home/tfan/projects/nextjs-tfan/data/news_latest.json
   配置文件: /home/tfan/projects/nextjs-tfan/data/config.json

   最后更新时间: 2026-04-23T08:00:11+00:00
========================================
上市公司新闻监控系统 - 数据抓取任务
执行时间: 2026-04-24 08:00:01
========================================
✅ Python3 版本: Python 3.12.3
检查Python依赖...
✅ Python依赖已安装
启动数据抓取...
2026-04-24 08:00:03,272 - INFO - 从配置文件读取到 10 家公司: 中国平安, 美的集团, 腾讯控股...
2026-04-24 08:00:03,272 - INFO - ==================================================
2026-04-24 08:00:03,272 - INFO - 上市公司新闻监控系统 - 数据抓取开始
2026-04-24 08:00:03,272 - INFO - 执行时间: 2026-04-24 08:00:03
2026-04-24 08:00:03,272 - INFO - ==================================================
2026-04-24 08:00:03,272 - INFO - 步骤1: 数据源验证
2026-04-24 08:00:03,272 - INFO - 开始验证数据源...
2026-04-24 08:00:03,346 - INFO -   ✓ 新浪财经: 0.07s (HTTP 200)
2026-04-24 08:00:03,958 - INFO -   ✓ 东方财富网: 0.11s (HTTP 200)
2026-04-24 08:00:04,619 - INFO -   ✓ 证券时报网: 0.16s (HTTP 200)
2026-04-24 08:00:05,242 - INFO -   ✓ 巨潮资讯网: 0.12s (HTTP 200)
2026-04-24 08:00:05,867 - INFO -   ✓ 上海证券交易所: 0.12s (HTTP 200)
2026-04-24 08:00:06,413 - INFO -   ✓ 深圳证券交易所: 0.05s (HTTP 200)
2026-04-24 08:00:06,914 - INFO - 数据源验证完成: 6/6 个数据源可用
2026-04-24 08:00:06,916 - INFO - 数据源验证报告已保存: /home/tfan/projects/nextjs-tfan/scripts/../data/source_validation_20260424.json
2026-04-24 08:00:06,916 - INFO - 
2026-04-24 08:00:06,916 - INFO - 步骤2: 数据抓取
2026-04-24 08:00:06,916 - INFO - 开始抓取上市公司新闻...
2026-04-24 08:00:06,916 - INFO - 搜索新浪财经: 中国平安 最新消息
2026-04-24 08:00:06,917 - INFO -   ○ 中国平安: 未找到新闻
2026-04-24 08:00:07,417 - INFO - 搜索新浪财经: 美的集团 最新消息
2026-04-24 08:00:07,418 - INFO -   ○ 美的集团: 未找到新闻
2026-04-24 08:00:07,918 - INFO - 搜索新浪财经: 腾讯控股 最新消息
2026-04-24 08:00:07,919 - INFO -   ✓ 腾讯控股: 找到1条新闻
2026-04-24 08:00:08,419 - INFO - 搜索新浪财经: 阿里巴巴 最新消息
2026-04-24 08:00:08,420 - INFO -   ✓ 阿里巴巴: 找到1条新闻
2026-04-24 08:00:08,920 - INFO - 搜索新浪财经: 招商银行 最新消息
2026-04-24 08:00:08,921 - INFO -   ○ 招商银行: 未找到新闻
2026-04-24 08:00:09,421 - INFO - 生成关键词分析报告: ['人工智能发展趋势', '云计算市场分析', '电商行业竞争']
2026-04-24 08:00:09,422 - INFO -   ✓ 关键词分析: 生成1份报告
2026-04-24 08:00:09,422 - INFO - 抓取完成，共获取3条新闻
2026-04-24 08:00:09,423 - INFO - 数据已保存到: /home/tfan/projects/nextjs-tfan/scripts/../data/news_20260424.json
2026-04-24 08:00:09,424 - INFO - 最新数据副本: /home/tfan/projects/nextjs-tfan/scripts/../data/news_latest.json
2026-04-24 08:00:09,426 - INFO - 前端配置文件已更新
2026-04-24 08:00:09,426 - INFO - ==================================================
2026-04-24 08:00:09,426 - INFO - 数据抓取完成 ✓
2026-04-24 08:00:09,426 - INFO - ==================================================
✅ 数据抓取成功完成！
✅ 数据抓取成功完成！

📊 执行结果:
   日志文件: /home/tfan/projects/nextjs-tfan/scripts/crawler_20260424_080001.log
   数据文件: /home/tfan/projects/nextjs-tfan/data/news_latest.json
   配置文件: /home/tfan/projects/nextjs-tfan/data/config.json

   最后更新时间: 2026-04-24T08:00:09+00:00
========================================
上市公司新闻监控系统 - 数据抓取任务
执行时间: 2026-04-25 08:00:01
========================================
✅ Python3 版本: Python 3.12.3
检查Python依赖...
✅ Python依赖已安装
启动数据抓取...
2026-04-25 08:00:04,131 - INFO - 从配置文件读取到 10 家公司: 中国平安, 美的集团, 腾讯控股...
2026-04-25 08:00:04,131 - INFO - ==================================================
2026-04-25 08:00:04,131 - INFO - 上市公司新闻监控系统 - 数据抓取开始
2026-04-25 08:00:04,131 - INFO - 执行时间: 2026-04-25 08:00:04
2026-04-25 08:00:04,131 - INFO - ==================================================
2026-04-25 08:00:04,131 - INFO - 步骤1: 数据源验证
2026-04-25 08:00:04,131 - INFO - 开始验证数据源...
2026-04-25 08:00:04,220 - INFO -   ✓ 新浪财经: 0.09s (HTTP 200)
2026-04-25 08:00:04,854 - INFO -   ✓ 东方财富网: 0.13s (HTTP 200)
2026-04-25 08:00:05,529 - INFO -   ✓ 证券时报网: 0.17s (HTTP 200)
2026-04-25 08:00:06,292 - INFO -   ✓ 巨潮资讯网: 0.26s (HTTP 200)
2026-04-25 08:00:06,911 - INFO -   ✓ 上海证券交易所: 0.12s (HTTP 200)
2026-04-25 08:00:07,452 - INFO -   ✓ 深圳证券交易所: 0.04s (HTTP 200)
2026-04-25 08:00:07,953 - INFO - 数据源验证完成: 6/6 个数据源可用
2026-04-25 08:00:07,955 - INFO - 数据源验证报告已保存: /home/tfan/projects/nextjs-tfan/scripts/../data/source_validation_20260425.json
2026-04-25 08:00:07,955 - INFO - 
2026-04-25 08:00:07,955 - INFO - 步骤2: 数据抓取
2026-04-25 08:00:07,955 - INFO - 开始抓取上市公司新闻...
2026-04-25 08:00:07,955 - INFO - 搜索新浪财经: 中国平安 最新消息
2026-04-25 08:00:07,955 - INFO -   ○ 中国平安: 未找到新闻
2026-04-25 08:00:08,456 - INFO - 搜索新浪财经: 美的集团 最新消息
2026-04-25 08:00:08,456 - INFO -   ○ 美的集团: 未找到新闻
2026-04-25 08:00:08,957 - INFO - 搜索新浪财经: 腾讯控股 最新消息
2026-04-25 08:00:08,958 - INFO -   ✓ 腾讯控股: 找到1条新闻
2026-04-25 08:00:09,458 - INFO - 搜索新浪财经: 阿里巴巴 最新消息
2026-04-25 08:00:09,459 - INFO -   ✓ 阿里巴巴: 找到1条新闻
2026-04-25 08:00:09,959 - INFO - 搜索新浪财经: 招商银行 最新消息
2026-04-25 08:00:09,960 - INFO -   ○ 招商银行: 未找到新闻
2026-04-25 08:00:10,460 - INFO - 生成关键词分析报告: ['人工智能发展趋势', '云计算市场分析', '电商行业竞争']
2026-04-25 08:00:10,461 - INFO -   ✓ 关键词分析: 生成1份报告
2026-04-25 08:00:10,461 - INFO - 抓取完成，共获取3条新闻
2026-04-25 08:00:10,462 - INFO - 数据已保存到: /home/tfan/projects/nextjs-tfan/scripts/../data/news_20260425.json
2026-04-25 08:00:10,463 - INFO - 最新数据副本: /home/tfan/projects/nextjs-tfan/scripts/../data/news_latest.json
2026-04-25 08:00:10,464 - INFO - 前端配置文件已更新
2026-04-25 08:00:10,464 - INFO - ==================================================
2026-04-25 08:00:10,464 - INFO - 数据抓取完成 ✓
2026-04-25 08:00:10,465 - INFO - ==================================================
✅ 数据抓取成功完成！
✅ 数据抓取成功完成！

📊 执行结果:
   日志文件: /home/tfan/projects/nextjs-tfan/scripts/crawler_20260425_080001.log
   数据文件: /home/tfan/projects/nextjs-tfan/data/news_latest.json
   配置文件: /home/tfan/projects/nextjs-tfan/data/config.json

   最后更新时间: 2026-04-25T08:00:10+00:00
========================================
上市公司新闻监控系统 - 数据抓取任务
执行时间: 2026-04-26 08:00:01
========================================
✅ Python3 版本: Python 3.12.3
检查Python依赖...
✅ Python依赖已安装
启动数据抓取...
2026-04-26 08:00:02,959 - INFO - 从配置文件读取到 10 家公司: 中国平安, 美的集团, 腾讯控股...
2026-04-26 08:00:02,959 - INFO - ==================================================
2026-04-26 08:00:02,960 - INFO - 上市公司新闻监控系统 - 数据抓取开始
2026-04-26 08:00:02,960 - INFO - 执行时间: 2026-04-26 08:00:02
2026-04-26 08:00:02,960 - INFO - ==================================================
2026-04-26 08:00:02,960 - INFO - 步骤1: 数据源验证
2026-04-26 08:00:02,960 - INFO - 开始验证数据源...
2026-04-26 08:00:03,047 - INFO -   ✓ 新浪财经: 0.09s (HTTP 200)
2026-04-26 08:00:03,692 - INFO -   ✓ 东方财富网: 0.14s (HTTP 200)
2026-04-26 08:00:04,321 - INFO -   ✓ 证券时报网: 0.13s (HTTP 200)
2026-04-26 08:00:06,607 - INFO -   ✓ 巨潮资讯网: 1.78s (HTTP 200)
2026-04-26 08:00:07,295 - INFO -   ✓ 上海证券交易所: 0.19s (HTTP 200)
2026-04-26 08:00:07,841 - INFO -   ✓ 深圳证券交易所: 0.04s (HTTP 200)
2026-04-26 08:00:08,342 - INFO - 数据源验证完成: 6/6 个数据源可用
2026-04-26 08:00:08,343 - INFO - 数据源验证报告已保存: /home/tfan/projects/nextjs-tfan/scripts/../data/source_validation_20260426.json
2026-04-26 08:00:08,344 - INFO - 
2026-04-26 08:00:08,344 - INFO - 步骤2: 数据抓取
2026-04-26 08:00:08,344 - INFO - 开始抓取上市公司新闻...
2026-04-26 08:00:08,344 - INFO - 搜索新浪财经: 中国平安 最新消息
2026-04-26 08:00:08,344 - INFO -   ○ 中国平安: 未找到新闻
2026-04-26 08:00:08,845 - INFO - 搜索新浪财经: 美的集团 最新消息
2026-04-26 08:00:08,845 - INFO -   ○ 美的集团: 未找到新闻
2026-04-26 08:00:09,346 - INFO - 搜索新浪财经: 腾讯控股 最新消息
2026-04-26 08:00:09,346 - INFO -   ✓ 腾讯控股: 找到1条新闻
2026-04-26 08:00:09,847 - INFO - 搜索新浪财经: 阿里巴巴 最新消息
2026-04-26 08:00:09,848 - INFO -   ✓ 阿里巴巴: 找到1条新闻
2026-04-26 08:00:10,348 - INFO - 搜索新浪财经: 招商银行 最新消息
2026-04-26 08:00:10,349 - INFO -   ○ 招商银行: 未找到新闻
2026-04-26 08:00:10,849 - INFO - 生成关键词分析报告: ['人工智能发展趋势', '云计算市场分析', '电商行业竞争']
2026-04-26 08:00:10,850 - INFO -   ✓ 关键词分析: 生成1份报告
2026-04-26 08:00:10,850 - INFO - 抓取完成，共获取3条新闻
2026-04-26 08:00:10,851 - INFO - 数据已保存到: /home/tfan/projects/nextjs-tfan/scripts/../data/news_20260426.json
2026-04-26 08:00:10,852 - INFO - 最新数据副本: /home/tfan/projects/nextjs-tfan/scripts/../data/news_latest.json
2026-04-26 08:00:10,854 - INFO - 前端配置文件已更新
2026-04-26 08:00:10,854 - INFO - ==================================================
2026-04-26 08:00:10,854 - INFO - 数据抓取完成 ✓
2026-04-26 08:00:10,854 - INFO - ==================================================
✅ 数据抓取成功完成！
✅ 数据抓取成功完成！

📊 执行结果:
   日志文件: /home/tfan/projects/nextjs-tfan/scripts/crawler_20260426_080001.log
   数据文件: /home/tfan/projects/nextjs-tfan/data/news_latest.json
   配置文件: /home/tfan/projects/nextjs-tfan/data/config.json

   最后更新时间: 2026-04-26T08:00:10+00:00
========================================
上市公司新闻监控系统 - 数据抓取任务
执行时间: 2026-04-27 08:00:01
========================================
✅ Python3 版本: Python 3.12.3
检查Python依赖...
✅ Python依赖已安装
启动数据抓取...
2026-04-27 08:00:08,859 - INFO - 从配置文件读取到 11 家公司: 贵州茅台, 比亚迪, 宁德时代...
2026-04-27 08:00:08,859 - INFO - ==================================================
2026-04-27 08:00:08,859 - INFO - 上市公司新闻监控系统 - 数据抓取开始
2026-04-27 08:00:08,859 - INFO - 执行时间: 2026-04-27 08:00:08
2026-04-27 08:00:08,859 - INFO - ==================================================
2026-04-27 08:00:08,859 - INFO - 步骤1: 数据源验证
2026-04-27 08:00:08,859 - INFO - 开始验证数据源...
2026-04-27 08:00:08,936 - INFO -   ✓ 新浪财经: 0.08s (HTTP 200)
2026-04-27 08:00:09,565 - INFO -   ✓ 东方财富网: 0.13s (HTTP 200)
2026-04-27 08:00:10,210 - INFO -   ✓ 证券时报网: 0.14s (HTTP 200)
2026-04-27 08:00:10,801 - INFO -   ✓ 巨潮资讯网: 0.09s (HTTP 200)
2026-04-27 08:00:11,430 - INFO -   ✓ 上海证券交易所: 0.13s (HTTP 200)
2026-04-27 08:00:11,970 - INFO -   ✓ 深圳证券交易所: 0.04s (HTTP 200)
2026-04-27 08:00:12,470 - INFO - 数据源验证完成: 6/6 个数据源可用
2026-04-27 08:00:12,471 - INFO - 数据源验证报告已保存: /home/tfan/projects/nextjs-tfan/scripts/../data/source_validation_20260427.json
2026-04-27 08:00:12,471 - INFO - 
2026-04-27 08:00:12,471 - INFO - 步骤2: 数据抓取
2026-04-27 08:00:12,472 - INFO - 开始抓取上市公司新闻...
2026-04-27 08:00:12,472 - INFO - 搜索新浪财经: 贵州茅台 最新消息
2026-04-27 08:00:12,472 - INFO -   ○ 贵州茅台: 未找到新闻
2026-04-27 08:00:12,972 - INFO - 搜索新浪财经: 比亚迪 最新消息
2026-04-27 08:00:12,972 - INFO -   ○ 比亚迪: 未找到新闻
2026-04-27 08:00:13,473 - INFO - 搜索新浪财经: 宁德时代 最新消息
2026-04-27 08:00:13,473 - INFO -   ○ 宁德时代: 未找到新闻
2026-04-27 08:00:13,974 - INFO - 搜索新浪财经: 腾讯控股 最新消息
2026-04-27 08:00:13,974 - INFO -   ✓ 腾讯控股: 找到1条新闻
2026-04-27 08:00:14,475 - INFO - 搜索新浪财经: 阿里巴巴 最新消息
2026-04-27 08:00:14,475 - INFO -   ✓ 阿里巴巴: 找到1条新闻
2026-04-27 08:00:14,976 - INFO - 生成关键词分析报告: ['人工智能发展趋势', '云计算市场分析', '电商行业竞争']
2026-04-27 08:00:14,977 - INFO -   ✓ 关键词分析: 生成1份报告
2026-04-27 08:00:14,977 - INFO - 抓取完成，共获取3条新闻
2026-04-27 08:00:14,978 - INFO - 数据已保存到: /home/tfan/projects/nextjs-tfan/scripts/../data/news_20260427.json
2026-04-27 08:00:14,979 - INFO - 最新数据副本: /home/tfan/projects/nextjs-tfan/scripts/../data/news_latest.json
2026-04-27 08:00:14,980 - INFO - 前端配置文件已更新
2026-04-27 08:00:14,980 - INFO - ==================================================
2026-04-27 08:00:14,980 - INFO - 数据抓取完成 ✓
2026-04-27 08:00:14,980 - INFO - ==================================================
✅ 数据抓取成功完成！
✅ 数据抓取成功完成！

📊 执行结果:
   日志文件: /home/tfan/projects/nextjs-tfan/scripts/crawler_20260427_080001.log
   数据文件: /home/tfan/projects/nextjs-tfan/data/news_latest.json
   配置文件: /home/tfan/projects/nextjs-tfan/data/config.json

   最后更新时间: 2026-04-27T08:00:15+00:00
